c:\users\joseb\desktop\enduring freedom\fundamentals training\cplusplus-projectrepository\c++ games\totallynotmario\totallynotmario\x64\debug\vc143.pdb
c:\users\joseb\desktop\enduring freedom\fundamentals training\cplusplus-projectrepository\c++ games\totallynotmario\totallynotmario\x64\debug\vc143.idb
c:\users\joseb\desktop\enduring freedom\fundamentals training\cplusplus-projectrepository\c++ games\totallynotmario\totallynotmario\x64\debug\uimanager.obj
c:\users\joseb\desktop\enduring freedom\fundamentals training\cplusplus-projectrepository\c++ games\totallynotmario\totallynotmario\x64\debug\uilabel.obj
c:\users\joseb\desktop\enduring freedom\fundamentals training\cplusplus-projectrepository\c++ games\totallynotmario\totallynotmario\x64\debug\totallynotmario.obj
c:\users\joseb\desktop\enduring freedom\fundamentals training\cplusplus-projectrepository\c++ games\totallynotmario\totallynotmario\x64\debug\soundplayer.obj
c:\users\joseb\desktop\enduring freedom\fundamentals training\cplusplus-projectrepository\c++ games\totallynotmario\totallynotmario\x64\debug\resourceloader.obj
c:\users\joseb\desktop\enduring freedom\fundamentals training\cplusplus-projectrepository\c++ games\totallynotmario\totallynotmario\x64\debug\rendersystem.obj
c:\users\joseb\desktop\enduring freedom\fundamentals training\cplusplus-projectrepository\c++ games\totallynotmario\totallynotmario\x64\debug\playerentity.obj
c:\users\joseb\desktop\enduring freedom\fundamentals training\cplusplus-projectrepository\c++ games\totallynotmario\totallynotmario\x64\debug\observer.obj
c:\users\joseb\desktop\enduring freedom\fundamentals training\cplusplus-projectrepository\c++ games\totallynotmario\totallynotmario\x64\debug\musicplayer.obj
c:\users\joseb\desktop\enduring freedom\fundamentals training\cplusplus-projectrepository\c++ games\totallynotmario\totallynotmario\x64\debug\itementity.obj
c:\users\joseb\desktop\enduring freedom\fundamentals training\cplusplus-projectrepository\c++ games\totallynotmario\totallynotmario\x64\debug\inputsystem.obj
c:\users\joseb\desktop\enduring freedom\fundamentals training\cplusplus-projectrepository\c++ games\totallynotmario\totallynotmario\x64\debug\gamemanager.obj
c:\users\joseb\desktop\enduring freedom\fundamentals training\cplusplus-projectrepository\c++ games\totallynotmario\totallynotmario\x64\debug\entityphysics.obj
c:\users\joseb\desktop\enduring freedom\fundamentals training\cplusplus-projectrepository\c++ games\totallynotmario\totallynotmario\x64\debug\entity.obj
c:\users\joseb\desktop\enduring freedom\fundamentals training\cplusplus-projectrepository\c++ games\totallynotmario\totallynotmario\x64\debug\enemyentity.obj
c:\users\joseb\desktop\enduring freedom\fundamentals training\cplusplus-projectrepository\c++ games\totallynotmario\x64\debug\totallynotmario.exe
c:\users\joseb\desktop\enduring freedom\fundamentals training\cplusplus-projectrepository\c++ games\totallynotmario\x64\debug\totallynotmario.pdb
c:\users\joseb\desktop\enduring freedom\fundamentals training\cplusplus-projectrepository\c++ games\totallynotmario\totallynotmario\x64\debug\totallynotmario.ilk
c:\users\joseb\desktop\enduring freedom\fundamentals training\cplusplus-projectrepository\c++ games\totallynotmario\totallynotmario\x64\debug\totallynotmario.tlog\cl.command.1.tlog
c:\users\joseb\desktop\enduring freedom\fundamentals training\cplusplus-projectrepository\c++ games\totallynotmario\totallynotmario\x64\debug\totallynotmario.tlog\cl.items.tlog
c:\users\joseb\desktop\enduring freedom\fundamentals training\cplusplus-projectrepository\c++ games\totallynotmario\totallynotmario\x64\debug\totallynotmario.tlog\cl.read.1.tlog
c:\users\joseb\desktop\enduring freedom\fundamentals training\cplusplus-projectrepository\c++ games\totallynotmario\totallynotmario\x64\debug\totallynotmario.tlog\cl.write.1.tlog
c:\users\joseb\desktop\enduring freedom\fundamentals training\cplusplus-projectrepository\c++ games\totallynotmario\totallynotmario\x64\debug\totallynotmario.tlog\link.command.1.tlog
c:\users\joseb\desktop\enduring freedom\fundamentals training\cplusplus-projectrepository\c++ games\totallynotmario\totallynotmario\x64\debug\totallynotmario.tlog\link.read.1.tlog
c:\users\joseb\desktop\enduring freedom\fundamentals training\cplusplus-projectrepository\c++ games\totallynotmario\totallynotmario\x64\debug\totallynotmario.tlog\link.secondary.1.tlog
c:\users\joseb\desktop\enduring freedom\fundamentals training\cplusplus-projectrepository\c++ games\totallynotmario\totallynotmario\x64\debug\totallynotmario.tlog\link.write.1.tlog
