c:\users\joseb\desktop\enduring freedom\fundamentals training\cplusplus-projectrepository\c++ games\spaceinvaders\spaceinvaders\x64\debug\vc143.pdb
c:\users\joseb\desktop\enduring freedom\fundamentals training\cplusplus-projectrepository\c++ games\spaceinvaders\spaceinvaders\x64\debug\vc143.idb
c:\users\joseb\desktop\enduring freedom\fundamentals training\cplusplus-projectrepository\c++ games\spaceinvaders\spaceinvaders\x64\debug\uilabel.obj
c:\users\joseb\desktop\enduring freedom\fundamentals training\cplusplus-projectrepository\c++ games\spaceinvaders\spaceinvaders\x64\debug\spaceinvaders.obj
c:\users\joseb\desktop\enduring freedom\fundamentals training\cplusplus-projectrepository\c++ games\spaceinvaders\spaceinvaders\x64\debug\player.obj
c:\users\joseb\desktop\enduring freedom\fundamentals training\cplusplus-projectrepository\c++ games\spaceinvaders\spaceinvaders\x64\debug\game.obj
c:\users\joseb\desktop\enduring freedom\fundamentals training\cplusplus-projectrepository\c++ games\spaceinvaders\spaceinvaders\x64\debug\entity.obj
c:\users\joseb\desktop\enduring freedom\fundamentals training\cplusplus-projectrepository\c++ games\spaceinvaders\spaceinvaders\x64\debug\button.obj
c:\users\joseb\desktop\enduring freedom\fundamentals training\cplusplus-projectrepository\c++ games\spaceinvaders\spaceinvaders\x64\debug\bullet.obj
c:\users\joseb\desktop\enduring freedom\fundamentals training\cplusplus-projectrepository\c++ games\spaceinvaders\spaceinvaders\x64\debug\alienfleet.obj
c:\users\joseb\desktop\enduring freedom\fundamentals training\cplusplus-projectrepository\c++ games\spaceinvaders\spaceinvaders\x64\debug\alien.obj
c:\users\joseb\desktop\enduring freedom\fundamentals training\cplusplus-projectrepository\c++ games\spaceinvaders\x64\debug\spaceinvaders.exe
c:\users\joseb\desktop\enduring freedom\fundamentals training\cplusplus-projectrepository\c++ games\spaceinvaders\x64\debug\spaceinvaders.pdb
c:\users\joseb\desktop\enduring freedom\fundamentals training\cplusplus-projectrepository\c++ games\spaceinvaders\spaceinvaders\x64\debug\spaceinvaders.ilk
c:\users\joseb\desktop\enduring freedom\fundamentals training\cplusplus-projectrepository\c++ games\spaceinvaders\spaceinvaders\x64\debug\spaceinvaders.tlog\cl.command.1.tlog
c:\users\joseb\desktop\enduring freedom\fundamentals training\cplusplus-projectrepository\c++ games\spaceinvaders\spaceinvaders\x64\debug\spaceinvaders.tlog\cl.items.tlog
c:\users\joseb\desktop\enduring freedom\fundamentals training\cplusplus-projectrepository\c++ games\spaceinvaders\spaceinvaders\x64\debug\spaceinvaders.tlog\cl.read.1.tlog
c:\users\joseb\desktop\enduring freedom\fundamentals training\cplusplus-projectrepository\c++ games\spaceinvaders\spaceinvaders\x64\debug\spaceinvaders.tlog\cl.write.1.tlog
c:\users\joseb\desktop\enduring freedom\fundamentals training\cplusplus-projectrepository\c++ games\spaceinvaders\spaceinvaders\x64\debug\spaceinvaders.tlog\link.command.1.tlog
c:\users\joseb\desktop\enduring freedom\fundamentals training\cplusplus-projectrepository\c++ games\spaceinvaders\spaceinvaders\x64\debug\spaceinvaders.tlog\link.read.1.tlog
c:\users\joseb\desktop\enduring freedom\fundamentals training\cplusplus-projectrepository\c++ games\spaceinvaders\spaceinvaders\x64\debug\spaceinvaders.tlog\link.secondary.1.tlog
c:\users\joseb\desktop\enduring freedom\fundamentals training\cplusplus-projectrepository\c++ games\spaceinvaders\spaceinvaders\x64\debug\spaceinvaders.tlog\link.write.1.tlog
